TAP version 13
# Subtest: unset AO_TRANSPORT selects NATS, not the file double
ok 1 - unset AO_TRANSPORT selects NATS, not the file double
  ---
  duration_ms: 0.594342
  type: 'test'
  ...
# Subtest: file transport drops acked mail and verdict timers
ok 2 - file transport drops acked mail and verdict timers
  ---
  duration_ms: 31.981281
  type: 'test'
  ...
# CASE mail subject=orch.ff97ad12a37eb5ad.mail.agent-b bucket=ORCH_MAIL fileInboxRead=false body=one
# CASE claim bucket=ORCH_CLAIMS key=ff97ad12a37eb5ad.TM-1 revision=1
# CASE probe subject=orch.ff97ad12a37eb5ad.probe.agent-b
# CASE verdict subject=orch.ff97ad12a37eb5ad.review.nonce-one fileInboxRead=false
# CASE mail subject=orch.78a266927b828d4b.mail.agent-b bucket=ORCH_MAIL fileInboxRead=false body=two
# CASE claim bucket=ORCH_CLAIMS key=78a266927b828d4b.TM-1 revision=2
# CASE probe subject=orch.78a266927b828d4b.probe.agent-b
# CASE verdict subject=orch.78a266927b828d4b.review.nonce-two fileInboxRead=false
# CASE gap subject=orch.gaprepo.mail.agent-b fileInboxRead=false
# CASE memory heapDeltaBytes=3608552
# Subtest: NATS cases pass twice, survive a reconnect, and release the client
ok 3 - NATS cases pass twice, survive a reconnect, and release the client
  ---
  duration_ms: 343.927596
  type: 'test'
  ...
1..3
# tests 3
# suites 0
# pass 3
# fail 0
# cancelled 0
# skipped 0
# todo 0
# duration_ms 465.180473
