TAP version 13
# Subtest: unset AO_TRANSPORT selects NATS, not the file double
ok 1 - unset AO_TRANSPORT selects NATS, not the file double
  ---
  duration_ms: 0.648154
  type: 'test'
  ...
# Subtest: file transport drops acked mail and verdict timers
ok 2 - file transport drops acked mail and verdict timers
  ---
  duration_ms: 32.162157
  type: 'test'
  ...
# CASE mail subject=orch.17645a38db88eafc.mail.agent-b bucket=ORCH_MAIL fileInboxRead=false body=one
# CASE claim bucket=ORCH_CLAIMS key=17645a38db88eafc.TM-1 revision=1
# CASE probe subject=orch.17645a38db88eafc.probe.agent-b
# CASE verdict subject=orch.17645a38db88eafc.review.nonce-one fileInboxRead=false
# CASE mail subject=orch.35ca1906abba4b6b.mail.agent-b bucket=ORCH_MAIL fileInboxRead=false body=two
# CASE claim bucket=ORCH_CLAIMS key=35ca1906abba4b6b.TM-1 revision=2
# CASE probe subject=orch.35ca1906abba4b6b.probe.agent-b
# CASE verdict subject=orch.35ca1906abba4b6b.review.nonce-two fileInboxRead=false
# CASE gap subject=orch.gaprepo.mail.agent-b fileInboxRead=false
# CASE memory heapDeltaBytes=3539448
# Subtest: NATS cases pass twice, survive a reconnect, and release the client
ok 3 - NATS cases pass twice, survive a reconnect, and release the client
  ---
  duration_ms: 335.978739
  type: 'test'
  ...
1..3
# tests 3
# suites 0
# pass 3
# fail 0
# cancelled 0
# skipped 0
# todo 0
# duration_ms 465.361539
